2026-08-27 10:03:38,984 INFO o.a.j.u.JMeterUtils: Setting Locale to en_EN
2026-08-27 10:03:38,995 INFO o.a.j.JMeter: Loading user properties from: C:\Users\Peppe\Downloads\apache-jmeter-5.6.3\bin\user.properties
2026-08-27 10:03:38,996 INFO o.a.j.JMeter: Loading system properties from: C:\Users\Peppe\Downloads\apache-jmeter-5.6.3\bin\system.properties
2026-08-27 10:03:38,998 INFO o.a.j.JMeter: Copyright (c) 1998-2024 The Apache Software Foundation
2026-08-27 10:03:38,998 INFO o.a.j.JMeter: Version 5.6.3
2026-08-27 10:03:38,998 INFO o.a.j.JMeter: java.version=20
2026-08-27 10:03:38,998 INFO o.a.j.JMeter: java.vm.name=Java HotSpot(TM) 64-Bit Server VM
2026-08-27 10:03:38,998 INFO o.a.j.JMeter: os.name=Windows 11
2026-08-27 10:03:38,998 INFO o.a.j.JMeter: os.arch=amd64
2026-08-27 10:03:38,998 INFO o.a.j.JMeter: os.version=10.0
2026-08-27 10:03:38,998 INFO o.a.j.JMeter: file.encoding=UTF-8
2026-08-27 10:03:38,998 INFO o.a.j.JMeter: java.awt.headless=true
2026-08-27 10:03:38,998 INFO o.a.j.JMeter: Max memory     =1073741824
2026-08-27 10:03:38,998 INFO o.a.j.JMeter: Available Processors =20
2026-08-27 10:03:39,004 INFO o.a.j.JMeter: Default Locale=English (EN)
2026-08-27 10:03:39,004 INFO o.a.j.JMeter: JMeter  Locale=English (EN)
2026-08-27 10:03:39,004 INFO o.a.j.JMeter: JMeterHome=C:\Users\Peppe\Downloads\apache-jmeter-5.6.3
2026-08-27 10:03:39,004 INFO o.a.j.JMeter: user.dir  =C:\Users\Peppe\Documents\GitHub\MemeMuseum25-SSE
2026-08-27 10:03:39,004 INFO o.a.j.JMeter: PWD       =C:\Users\Peppe\Documents\GitHub\MemeMuseum25-SSE
2026-08-27 10:03:39,004 INFO o.a.j.JMeter: IP: 192.168.0.165 Name: PC-Giuseppe FullName: PC-Giuseppe
2026-08-27 10:03:39,012 INFO o.a.j.s.FileServer: Default base='C:\Users\Peppe\Documents\GitHub\MemeMuseum25-SSE'
2026-08-27 10:03:39,012 INFO o.a.j.s.FileServer: Set new base='C:\Users\Peppe\Documents\GitHub\MemeMuseum25-SSE\Docs\JMeter'
2026-08-27 10:03:39,111 INFO o.a.j.s.SaveService: Testplan (JMX) version: 2.2. Testlog (JTL) version: 2.2
2026-08-27 10:03:39,122 INFO o.a.j.s.SaveService: Using SaveService properties version 5.0
2026-08-27 10:03:39,124 INFO o.a.j.s.SaveService: Using SaveService properties file encoding UTF-8
2026-08-27 10:03:39,126 INFO o.a.j.s.SaveService: Loading file: C:\Users\Peppe\Documents\GitHub\MemeMuseum25-SSE\Docs\JMeter\05_Browse_LoadTest.jmx
2026-08-27 10:03:39,156 INFO o.a.j.p.h.s.HTTPSamplerBase: Parser for text/html is org.apache.jmeter.protocol.http.parser.LagartoBasedHtmlParser
2026-08-27 10:03:39,156 INFO o.a.j.p.h.s.HTTPSamplerBase: Parser for application/xhtml+xml is org.apache.jmeter.protocol.http.parser.LagartoBasedHtmlParser
2026-08-27 10:03:39,156 INFO o.a.j.p.h.s.HTTPSamplerBase: Parser for application/xml is org.apache.jmeter.protocol.http.parser.LagartoBasedHtmlParser
2026-08-27 10:03:39,156 INFO o.a.j.p.h.s.HTTPSamplerBase: Parser for text/xml is org.apache.jmeter.protocol.http.parser.LagartoBasedHtmlParser
2026-08-27 10:03:39,156 INFO o.a.j.p.h.s.HTTPSamplerBase: Parser for text/vnd.wap.wml is org.apache.jmeter.protocol.http.parser.RegexpHTMLParser
2026-08-27 10:03:39,156 INFO o.a.j.p.h.s.HTTPSamplerBase: Parser for text/css is org.apache.jmeter.protocol.http.parser.CssParser
2026-08-27 10:03:39,171 INFO o.a.j.JMeter: Creating summariser <summary>
2026-08-27 10:03:39,179 INFO o.a.j.e.StandardJMeterEngine: Running the test!
2026-08-27 10:03:39,179 INFO o.a.j.s.SampleEvent: List of sample_variables: []
2026-08-27 10:03:39,179 INFO o.a.j.s.SampleEvent: List of sample_variables: []
2026-08-27 10:03:39,181 INFO o.a.j.e.u.CompoundVariable: Note: Function class names must contain the string: '.functions.'
2026-08-27 10:03:39,181 INFO o.a.j.e.u.CompoundVariable: Note: Function class names must not contain the string: '.gui.'
2026-08-27 10:03:39,221 INFO o.a.j.JMeter: Running test (1787817819221)
2026-08-27 10:03:39,231 INFO o.a.j.e.StandardJMeterEngine: Starting ThreadGroup: 1 : Browse Load Test (100 Concurrent Users)
2026-08-27 10:03:39,231 INFO o.a.j.e.StandardJMeterEngine: Starting 100 threads for group Browse Load Test (100 Concurrent Users).
2026-08-27 10:03:39,233 INFO o.a.j.e.StandardJMeterEngine: Thread will continue on error
2026-08-27 10:03:39,233 INFO o.a.j.t.ThreadGroup: Starting thread group... number=1 threads=100 ramp-up=10 delayedStart=false
2026-08-27 10:03:39,238 INFO o.a.j.t.JMeterThread: Thread started: Browse Load Test (100 Concurrent Users) 1-1
2026-08-27 10:03:39,255 INFO o.a.j.p.h.s.HTTPHCAbstractImpl: Local host = PC-Giuseppe
2026-08-27 10:03:39,261 INFO o.a.j.t.ThreadGroup: Started thread group number 1
2026-08-27 10:03:39,261 INFO o.a.j.e.StandardJMeterEngine: All thread groups have been started
2026-08-27 10:03:39,266 INFO o.a.j.p.h.s.HTTPHC4Impl: HTTP request retry count = 0
2026-08-27 10:03:39,268 INFO o.a.j.s.SampleResult: Note: Sample TimeStamps are START times
2026-08-27 10:03:39,268 INFO o.a.j.s.SampleResult: sampleresult.default.encoding is set to UTF-8
2026-08-27 10:03:39,268 INFO o.a.j.s.SampleResult: sampleresult.useNanoTime=true
2026-08-27 10:03:39,268 INFO o.a.j.s.SampleResult: sampleresult.nanoThreadSleep=5000
2026-08-27 10:03:39,336 INFO o.a.j.t.JMeterThread: Thread started: Browse Load Test (100 Concurrent Users) 1-2
2026-08-27 10:03:39,437 INFO o.a.j.t.JMeterThread: Thread started: Browse Load Test (100 Concurrent Users) 1-3
2026-08-27 10:03:39,536 INFO o.a.j.t.JMeterThread: Thread started: Browse Load Test (100 Concurrent Users) 1-4
2026-08-27 10:03:39,636 INFO o.a.j.t.JMeterThread: Thread started: Browse Load Test (100 Concurrent Users) 1-5
2026-08-27 10:03:39,737 INFO o.a.j.t.JMeterThread: Thread started: Browse Load Test (100 Concurrent Users) 1-6
2026-08-27 10:03:39,836 INFO o.a.j.t.JMeterThread: Thread started: Browse Load Test (100 Concurrent Users) 1-7
2026-08-27 10:03:39,935 INFO o.a.j.t.JMeterThread: Thread started: Browse Load Test (100 Concurrent Users) 1-8
2026-08-27 10:03:40,037 INFO o.a.j.t.JMeterThread: Thread started: Browse Load Test (100 Concurrent Users) 1-9
2026-08-27 10:03:40,099 INFO o.a.j.t.JMeterThread: Thread is done: Browse Load Test (100 Concurrent Users) 1-2
2026-08-27 10:03:40,099 INFO o.a.j.t.JMeterThread: Thread finished: Browse Load Test (100 Concurrent Users) 1-2
2026-08-27 10:03:40,105 INFO o.a.j.t.JMeterThread: Thread is done: Browse Load Test (100 Concurrent Users) 1-1
2026-08-27 10:03:40,105 INFO o.a.j.t.JMeterThread: Thread finished: Browse Load Test (100 Concurrent Users) 1-1
2026-08-27 10:03:40,116 INFO o.a.j.t.JMeterThread: Thread is done: Browse Load Test (100 Concurrent Users) 1-4
2026-08-27 10:03:40,116 INFO o.a.j.t.JMeterThread: Thread finished: Browse Load Test (100 Concurrent Users) 1-4
2026-08-27 10:03:40,137 INFO o.a.j.t.JMeterThread: Thread started: Browse Load Test (100 Concurrent Users) 1-10
2026-08-27 10:03:40,159 INFO o.a.j.t.JMeterThread: Thread is done: Browse Load Test (100 Concurrent Users) 1-10
2026-08-27 10:03:40,159 INFO o.a.j.t.JMeterThread: Thread finished: Browse Load Test (100 Concurrent Users) 1-10
2026-08-27 10:03:40,201 INFO o.a.j.t.JMeterThread: Thread is done: Browse Load Test (100 Concurrent Users) 1-3
2026-08-27 10:03:40,201 INFO o.a.j.t.JMeterThread: Thread finished: Browse Load Test (100 Concurrent Users) 1-3
2026-08-27 10:03:40,202 INFO o.a.j.t.JMeterThread: Thread is done: Browse Load Test (100 Concurrent Users) 1-6
2026-08-27 10:03:40,202 INFO o.a.j.t.JMeterThread: Thread finished: Browse Load Test (100 Concurrent Users) 1-6
2026-08-27 10:03:40,205 INFO o.a.j.t.JMeterThread: Thread is done: Browse Load Test (100 Concurrent Users) 1-5
2026-08-27 10:03:40,205 INFO o.a.j.t.JMeterThread: Thread finished: Browse Load Test (100 Concurrent Users) 1-5
2026-08-27 10:03:40,235 INFO o.a.j.t.JMeterThread: Thread started: Browse Load Test (100 Concurrent Users) 1-11
2026-08-27 10:03:40,258 INFO o.a.j.t.JMeterThread: Thread is done: Browse Load Test (100 Concurrent Users) 1-11
2026-08-27 10:03:40,258 INFO o.a.j.t.JMeterThread: Thread finished: Browse Load Test (100 Concurrent Users) 1-11
2026-08-27 10:03:40,275 INFO o.a.j.t.JMeterThread: Thread is done: Browse Load Test (100 Concurrent Users) 1-7
2026-08-27 10:03:40,275 INFO o.a.j.t.JMeterThread: Thread finished: Browse Load Test (100 Concurrent Users) 1-7
2026-08-27 10:03:40,336 INFO o.a.j.t.JMeterThread: Thread started: Browse Load Test (100 Concurrent Users) 1-12
2026-08-27 10:03:40,379 INFO o.a.j.t.JMeterThread: Thread is done: Browse Load Test (100 Concurrent Users) 1-12
2026-08-27 10:03:40,379 INFO o.a.j.t.JMeterThread: Thread finished: Browse Load Test (100 Concurrent Users) 1-12
2026-08-27 10:03:40,388 INFO o.a.j.t.JMeterThread: Thread is done: Browse Load Test (100 Concurrent Users) 1-8
2026-08-27 10:03:40,388 INFO o.a.j.t.JMeterThread: Thread finished: Browse Load Test (100 Concurrent Users) 1-8
2026-08-27 10:03:40,436 INFO o.a.j.t.JMeterThread: Thread started: Browse Load Test (100 Concurrent Users) 1-13
2026-08-27 10:03:40,444 INFO o.a.j.t.JMeterThread: Thread is done: Browse Load Test (100 Concurrent Users) 1-9
2026-08-27 10:03:40,444 INFO o.a.j.t.JMeterThread: Thread finished: Browse Load Test (100 Concurrent Users) 1-9
2026-08-27 10:03:40,458 INFO o.a.j.t.JMeterThread: Thread is done: Browse Load Test (100 Concurrent Users) 1-13
2026-08-27 10:03:40,459 INFO o.a.j.t.JMeterThread: Thread finished: Browse Load Test (100 Concurrent Users) 1-13
2026-08-27 10:03:40,534 INFO o.a.j.t.JMeterThread: Thread started: Browse Load Test (100 Concurrent Users) 1-14
2026-08-27 10:03:40,554 INFO o.a.j.t.JMeterThread: Thread is done: Browse Load Test (100 Concurrent Users) 1-14
2026-08-27 10:03:40,554 INFO o.a.j.t.JMeterThread: Thread finished: Browse Load Test (100 Concurrent Users) 1-14
2026-08-27 10:03:40,634 INFO o.a.j.t.JMeterThread: Thread started: Browse Load Test (100 Concurrent Users) 1-15
2026-08-27 10:03:40,655 INFO o.a.j.t.JMeterThread: Thread is done: Browse Load Test (100 Concurrent Users) 1-15
2026-08-27 10:03:40,655 INFO o.a.j.t.JMeterThread: Thread finished: Browse Load Test (100 Concurrent Users) 1-15
2026-08-27 10:03:40,734 INFO o.a.j.t.JMeterThread: Thread started: Browse Load Test (100 Concurrent Users) 1-16
2026-08-27 10:03:40,770 INFO o.a.j.t.JMeterThread: Thread is done: Browse Load Test (100 Concurrent Users) 1-16
2026-08-27 10:03:40,770 INFO o.a.j.t.JMeterThread: Thread finished: Browse Load Test (100 Concurrent Users) 1-16
2026-08-27 10:03:40,835 INFO o.a.j.t.JMeterThread: Thread started: Browse Load Test (100 Concurrent Users) 1-17
2026-08-27 10:03:40,854 INFO o.a.j.t.JMeterThread: Thread is done: Browse Load Test (100 Concurrent Users) 1-17
2026-08-27 10:03:40,854 INFO o.a.j.t.JMeterThread: Thread finished: Browse Load Test (100 Concurrent Users) 1-17
2026-08-27 10:03:40,935 INFO o.a.j.t.JMeterThread: Thread started: Browse Load Test (100 Concurrent Users) 1-18
2026-08-27 10:03:40,956 INFO o.a.j.t.JMeterThread: Thread is done: Browse Load Test (100 Concurrent Users) 1-18
2026-08-27 10:03:40,956 INFO o.a.j.t.JMeterThread: Thread finished: Browse Load Test (100 Concurrent Users) 1-18
2026-08-27 10:03:41,033 INFO o.a.j.t.JMeterThread: Thread started: Browse Load Test (100 Concurrent Users) 1-19
2026-08-27 10:03:41,052 INFO o.a.j.t.JMeterThread: Thread is done: Browse Load Test (100 Concurrent Users) 1-19
2026-08-27 10:03:41,052 INFO o.a.j.t.JMeterThread: Thread finished: Browse Load Test (100 Concurrent Users) 1-19
2026-08-27 10:03:41,133 INFO o.a.j.t.JMeterThread: Thread started: Browse Load Test (100 Concurrent Users) 1-20
2026-08-27 10:03:41,151 INFO o.a.j.t.JMeterThread: Thread is done: Browse Load Test (100 Concurrent Users) 1-20
2026-08-27 10:03:41,151 INFO o.a.j.t.JMeterThread: Thread finished: Browse Load Test (100 Concurrent Users) 1-20
2026-08-27 10:03:41,235 INFO o.a.j.t.JMeterThread: Thread started: Browse Load Test (100 Concurrent Users) 1-21
2026-08-27 10:03:41,259 INFO o.a.j.t.JMeterThread: Thread is done: Browse Load Test (100 Concurrent Users) 1-21
2026-08-27 10:03:41,259 INFO o.a.j.t.JMeterThread: Thread finished: Browse Load Test (100 Concurrent Users) 1-21
2026-08-27 10:03:41,334 INFO o.a.j.t.JMeterThread: Thread started: Browse Load Test (100 Concurrent Users) 1-22
2026-08-27 10:03:41,358 INFO o.a.j.t.JMeterThread: Thread is done: Browse Load Test (100 Concurrent Users) 1-22
2026-08-27 10:03:41,358 INFO o.a.j.t.JMeterThread: Thread finished: Browse Load Test (100 Concurrent Users) 1-22
2026-08-27 10:03:41,433 INFO o.a.j.t.JMeterThread: Thread started: Browse Load Test (100 Concurrent Users) 1-23
2026-08-27 10:03:41,464 INFO o.a.j.t.JMeterThread: Thread is done: Browse Load Test (100 Concurrent Users) 1-23
2026-08-27 10:03:41,464 INFO o.a.j.t.JMeterThread: Thread finished: Browse Load Test (100 Concurrent Users) 1-23
2026-08-27 10:03:41,534 INFO o.a.j.t.JMeterThread: Thread started: Browse Load Test (100 Concurrent Users) 1-24
2026-08-27 10:03:41,555 INFO o.a.j.t.JMeterThread: Thread is done: Browse Load Test (100 Concurrent Users) 1-24
2026-08-27 10:03:41,555 INFO o.a.j.t.JMeterThread: Thread finished: Browse Load Test (100 Concurrent Users) 1-24
2026-08-27 10:03:41,634 INFO o.a.j.t.JMeterThread: Thread started: Browse Load Test (100 Concurrent Users) 1-25
2026-08-27 10:03:41,653 INFO o.a.j.t.JMeterThread: Thread is done: Browse Load Test (100 Concurrent Users) 1-25
2026-08-27 10:03:41,653 INFO o.a.j.t.JMeterThread: Thread finished: Browse Load Test (100 Concurrent Users) 1-25
2026-08-27 10:03:41,734 INFO o.a.j.t.JMeterThread: Thread started: Browse Load Test (100 Concurrent Users) 1-26
2026-08-27 10:03:41,762 INFO o.a.j.t.JMeterThread: Thread is done: Browse Load Test (100 Concurrent Users) 1-26
2026-08-27 10:03:41,763 INFO o.a.j.t.JMeterThread: Thread finished: Browse Load Test (100 Concurrent Users) 1-26
2026-08-27 10:03:41,834 INFO o.a.j.t.JMeterThread: Thread started: Browse Load Test (100 Concurrent Users) 1-27
2026-08-27 10:03:41,852 INFO o.a.j.t.JMeterThread: Thread is done: Browse Load Test (100 Concurrent Users) 1-27
2026-08-27 10:03:41,852 INFO o.a.j.t.JMeterThread: Thread finished: Browse Load Test (100 Concurrent Users) 1-27
2026-08-27 10:03:41,934 INFO o.a.j.t.JMeterThread: Thread started: Browse Load Test (100 Concurrent Users) 1-28
2026-08-27 10:03:41,950 INFO o.a.j.t.JMeterThread: Thread is done: Browse Load Test (100 Concurrent Users) 1-28
2026-08-27 10:03:41,950 INFO o.a.j.t.JMeterThread: Thread finished: Browse Load Test (100 Concurrent Users) 1-28
2026-08-27 10:03:42,033 INFO o.a.j.t.JMeterThread: Thread started: Browse Load Test (100 Concurrent Users) 1-29
2026-08-27 10:03:42,050 INFO o.a.j.t.JMeterThread: Thread is done: Browse Load Test (100 Concurrent Users) 1-29
2026-08-27 10:03:42,050 INFO o.a.j.t.JMeterThread: Thread finished: Browse Load Test (100 Concurrent Users) 1-29
2026-08-27 10:03:42,133 INFO o.a.j.t.JMeterThread: Thread started: Browse Load Test (100 Concurrent Users) 1-30
2026-08-27 10:03:42,150 INFO o.a.j.t.JMeterThread: Thread is done: Browse Load Test (100 Concurrent Users) 1-30
2026-08-27 10:03:42,150 INFO o.a.j.t.JMeterThread: Thread finished: Browse Load Test (100 Concurrent Users) 1-30
2026-08-27 10:03:42,233 INFO o.a.j.t.JMeterThread: Thread started: Browse Load Test (100 Concurrent Users) 1-31
2026-08-27 10:03:42,249 INFO o.a.j.t.JMeterThread: Thread is done: Browse Load Test (100 Concurrent Users) 1-31
2026-08-27 10:03:42,251 INFO o.a.j.t.JMeterThread: Thread finished: Browse Load Test (100 Concurrent Users) 1-31
2026-08-27 10:03:42,335 INFO o.a.j.t.JMeterThread: Thread started: Browse Load Test (100 Concurrent Users) 1-32
2026-08-27 10:03:42,365 INFO o.a.j.t.JMeterThread: Thread is done: Browse Load Test (100 Concurrent Users) 1-32
2026-08-27 10:03:42,365 INFO o.a.j.t.JMeterThread: Thread finished: Browse Load Test (100 Concurrent Users) 1-32
2026-08-27 10:03:42,434 INFO o.a.j.t.JMeterThread: Thread started: Browse Load Test (100 Concurrent Users) 1-33
2026-08-27 10:03:42,451 INFO o.a.j.t.JMeterThread: Thread is done: Browse Load Test (100 Concurrent Users) 1-33
2026-08-27 10:03:42,451 INFO o.a.j.t.JMeterThread: Thread finished: Browse Load Test (100 Concurrent Users) 1-33
2026-08-27 10:03:42,534 INFO o.a.j.t.JMeterThread: Thread started: Browse Load Test (100 Concurrent Users) 1-34
2026-08-27 10:03:42,556 INFO o.a.j.t.JMeterThread: Thread is done: Browse Load Test (100 Concurrent Users) 1-34
2026-08-27 10:03:42,556 INFO o.a.j.t.JMeterThread: Thread finished: Browse Load Test (100 Concurrent Users) 1-34
2026-08-27 10:03:42,633 INFO o.a.j.t.JMeterThread: Thread started: Browse Load Test (100 Concurrent Users) 1-35
2026-08-27 10:03:42,650 INFO o.a.j.t.JMeterThread: Thread is done: Browse Load Test (100 Concurrent Users) 1-35
2026-08-27 10:03:42,650 INFO o.a.j.t.JMeterThread: Thread finished: Browse Load Test (100 Concurrent Users) 1-35
2026-08-27 10:03:42,734 INFO o.a.j.t.JMeterThread: Thread started: Browse Load Test (100 Concurrent Users) 1-36
2026-08-27 10:03:42,753 INFO o.a.j.t.JMeterThread: Thread is done: Browse Load Test (100 Concurrent Users) 1-36
2026-08-27 10:03:42,753 INFO o.a.j.t.JMeterThread: Thread finished: Browse Load Test (100 Concurrent Users) 1-36
2026-08-27 10:03:42,834 INFO o.a.j.t.JMeterThread: Thread started: Browse Load Test (100 Concurrent Users) 1-37
2026-08-27 10:03:42,854 INFO o.a.j.t.JMeterThread: Thread is done: Browse Load Test (100 Concurrent Users) 1-37
2026-08-27 10:03:42,854 INFO o.a.j.t.JMeterThread: Thread finished: Browse Load Test (100 Concurrent Users) 1-37
2026-08-27 10:03:42,934 INFO o.a.j.t.JMeterThread: Thread started: Browse Load Test (100 Concurrent Users) 1-38
2026-08-27 10:03:42,954 INFO o.a.j.t.JMeterThread: Thread is done: Browse Load Test (100 Concurrent Users) 1-38
2026-08-27 10:03:42,954 INFO o.a.j.t.JMeterThread: Thread finished: Browse Load Test (100 Concurrent Users) 1-38
2026-08-27 10:03:43,036 INFO o.a.j.t.JMeterThread: Thread started: Browse Load Test (100 Concurrent Users) 1-39
2026-08-27 10:03:43,053 INFO o.a.j.t.JMeterThread: Thread is done: Browse Load Test (100 Concurrent Users) 1-39
2026-08-27 10:03:43,053 INFO o.a.j.t.JMeterThread: Thread finished: Browse Load Test (100 Concurrent Users) 1-39
2026-08-27 10:03:43,133 INFO o.a.j.t.JMeterThread: Thread started: Browse Load Test (100 Concurrent Users) 1-40
2026-08-27 10:03:43,151 INFO o.a.j.t.JMeterThread: Thread is done: Browse Load Test (100 Concurrent Users) 1-40
2026-08-27 10:03:43,151 INFO o.a.j.t.JMeterThread: Thread finished: Browse Load Test (100 Concurrent Users) 1-40
2026-08-27 10:03:43,233 INFO o.a.j.t.JMeterThread: Thread started: Browse Load Test (100 Concurrent Users) 1-41
2026-08-27 10:03:43,251 INFO o.a.j.t.JMeterThread: Thread is done: Browse Load Test (100 Concurrent Users) 1-41
2026-08-27 10:03:43,251 INFO o.a.j.t.JMeterThread: Thread finished: Browse Load Test (100 Concurrent Users) 1-41
2026-08-27 10:03:43,334 INFO o.a.j.t.JMeterThread: Thread started: Browse Load Test (100 Concurrent Users) 1-42
2026-08-27 10:03:43,354 INFO o.a.j.t.JMeterThread: Thread is done: Browse Load Test (100 Concurrent Users) 1-42
2026-08-27 10:03:43,354 INFO o.a.j.t.JMeterThread: Thread finished: Browse Load Test (100 Concurrent Users) 1-42
2026-08-27 10:03:43,435 INFO o.a.j.t.JMeterThread: Thread started: Browse Load Test (100 Concurrent Users) 1-43
2026-08-27 10:03:43,456 INFO o.a.j.t.JMeterThread: Thread is done: Browse Load Test (100 Concurrent Users) 1-43
2026-08-27 10:03:43,456 INFO o.a.j.t.JMeterThread: Thread finished: Browse Load Test (100 Concurrent Users) 1-43
2026-08-27 10:03:43,534 INFO o.a.j.t.JMeterThread: Thread started: Browse Load Test (100 Concurrent Users) 1-44
2026-08-27 10:03:43,557 INFO o.a.j.t.JMeterThread: Thread is done: Browse Load Test (100 Concurrent Users) 1-44
2026-08-27 10:03:43,557 INFO o.a.j.t.JMeterThread: Thread finished: Browse Load Test (100 Concurrent Users) 1-44
2026-08-27 10:03:43,634 INFO o.a.j.t.JMeterThread: Thread started: Browse Load Test (100 Concurrent Users) 1-45
2026-08-27 10:03:43,655 INFO o.a.j.t.JMeterThread: Thread is done: Browse Load Test (100 Concurrent Users) 1-45
2026-08-27 10:03:43,655 INFO o.a.j.t.JMeterThread: Thread finished: Browse Load Test (100 Concurrent Users) 1-45
2026-08-27 10:03:43,734 INFO o.a.j.t.JMeterThread: Thread started: Browse Load Test (100 Concurrent Users) 1-46
2026-08-27 10:03:43,753 INFO o.a.j.t.JMeterThread: Thread is done: Browse Load Test (100 Concurrent Users) 1-46
2026-08-27 10:03:43,753 INFO o.a.j.t.JMeterThread: Thread finished: Browse Load Test (100 Concurrent Users) 1-46
2026-08-27 10:03:43,835 INFO o.a.j.t.JMeterThread: Thread started: Browse Load Test (100 Concurrent Users) 1-47
2026-08-27 10:03:43,856 INFO o.a.j.t.JMeterThread: Thread is done: Browse Load Test (100 Concurrent Users) 1-47
2026-08-27 10:03:43,857 INFO o.a.j.t.JMeterThread: Thread finished: Browse Load Test (100 Concurrent Users) 1-47
2026-08-27 10:03:43,935 INFO o.a.j.t.JMeterThread: Thread started: Browse Load Test (100 Concurrent Users) 1-48
2026-08-27 10:03:43,952 INFO o.a.j.t.JMeterThread: Thread is done: Browse Load Test (100 Concurrent Users) 1-48
2026-08-27 10:03:43,952 INFO o.a.j.t.JMeterThread: Thread finished: Browse Load Test (100 Concurrent Users) 1-48
2026-08-27 10:03:44,034 INFO o.a.j.t.JMeterThread: Thread started: Browse Load Test (100 Concurrent Users) 1-49
2026-08-27 10:03:44,047 INFO o.a.j.t.JMeterThread: Thread is done: Browse Load Test (100 Concurrent Users) 1-49
2026-08-27 10:03:44,047 INFO o.a.j.t.JMeterThread: Thread finished: Browse Load Test (100 Concurrent Users) 1-49
2026-08-27 10:03:44,134 INFO o.a.j.t.JMeterThread: Thread started: Browse Load Test (100 Concurrent Users) 1-50
2026-08-27 10:03:44,153 INFO o.a.j.t.JMeterThread: Thread is done: Browse Load Test (100 Concurrent Users) 1-50
2026-08-27 10:03:44,153 INFO o.a.j.t.JMeterThread: Thread finished: Browse Load Test (100 Concurrent Users) 1-50
2026-08-27 10:03:44,234 INFO o.a.j.t.JMeterThread: Thread started: Browse Load Test (100 Concurrent Users) 1-51
2026-08-27 10:03:44,248 INFO o.a.j.t.JMeterThread: Thread is done: Browse Load Test (100 Concurrent Users) 1-51
2026-08-27 10:03:44,248 INFO o.a.j.t.JMeterThread: Thread finished: Browse Load Test (100 Concurrent Users) 1-51
2026-08-27 10:03:44,335 INFO o.a.j.t.JMeterThread: Thread started: Browse Load Test (100 Concurrent Users) 1-52
2026-08-27 10:03:44,361 INFO o.a.j.t.JMeterThread: Thread is done: Browse Load Test (100 Concurrent Users) 1-52
2026-08-27 10:03:44,361 INFO o.a.j.t.JMeterThread: Thread finished: Browse Load Test (100 Concurrent Users) 1-52
2026-08-27 10:03:44,435 INFO o.a.j.t.JMeterThread: Thread started: Browse Load Test (100 Concurrent Users) 1-53
2026-08-27 10:03:44,454 INFO o.a.j.t.JMeterThread: Thread is done: Browse Load Test (100 Concurrent Users) 1-53
2026-08-27 10:03:44,454 INFO o.a.j.t.JMeterThread: Thread finished: Browse Load Test (100 Concurrent Users) 1-53
2026-08-27 10:03:44,535 INFO o.a.j.t.JMeterThread: Thread started: Browse Load Test (100 Concurrent Users) 1-54
2026-08-27 10:03:44,557 INFO o.a.j.t.JMeterThread: Thread is done: Browse Load Test (100 Concurrent Users) 1-54
2026-08-27 10:03:44,557 INFO o.a.j.t.JMeterThread: Thread finished: Browse Load Test (100 Concurrent Users) 1-54
2026-08-27 10:03:44,633 INFO o.a.j.t.JMeterThread: Thread started: Browse Load Test (100 Concurrent Users) 1-55
2026-08-27 10:03:44,652 INFO o.a.j.t.JMeterThread: Thread is done: Browse Load Test (100 Concurrent Users) 1-55
2026-08-27 10:03:44,652 INFO o.a.j.t.JMeterThread: Thread finished: Browse Load Test (100 Concurrent Users) 1-55
2026-08-27 10:03:44,734 INFO o.a.j.t.JMeterThread: Thread started: Browse Load Test (100 Concurrent Users) 1-56
2026-08-27 10:03:44,758 INFO o.a.j.t.JMeterThread: Thread is done: Browse Load Test (100 Concurrent Users) 1-56
2026-08-27 10:03:44,758 INFO o.a.j.t.JMeterThread: Thread finished: Browse Load Test (100 Concurrent Users) 1-56
2026-08-27 10:03:44,834 INFO o.a.j.t.JMeterThread: Thread started: Browse Load Test (100 Concurrent Users) 1-57
2026-08-27 10:03:44,851 INFO o.a.j.t.JMeterThread: Thread is done: Browse Load Test (100 Concurrent Users) 1-57
2026-08-27 10:03:44,851 INFO o.a.j.t.JMeterThread: Thread finished: Browse Load Test (100 Concurrent Users) 1-57
2026-08-27 10:03:44,934 INFO o.a.j.t.JMeterThread: Thread started: Browse Load Test (100 Concurrent Users) 1-58
2026-08-27 10:03:44,955 INFO o.a.j.t.JMeterThread: Thread is done: Browse Load Test (100 Concurrent Users) 1-58
2026-08-27 10:03:44,955 INFO o.a.j.t.JMeterThread: Thread finished: Browse Load Test (100 Concurrent Users) 1-58
2026-08-27 10:03:45,033 INFO o.a.j.t.JMeterThread: Thread started: Browse Load Test (100 Concurrent Users) 1-59
2026-08-27 10:03:45,066 INFO o.a.j.t.JMeterThread: Thread is done: Browse Load Test (100 Concurrent Users) 1-59
2026-08-27 10:03:45,066 INFO o.a.j.t.JMeterThread: Thread finished: Browse Load Test (100 Concurrent Users) 1-59
2026-08-27 10:03:45,134 INFO o.a.j.t.JMeterThread: Thread started: Browse Load Test (100 Concurrent Users) 1-60
2026-08-27 10:03:45,149 INFO o.a.j.t.JMeterThread: Thread is done: Browse Load Test (100 Concurrent Users) 1-60
2026-08-27 10:03:45,149 INFO o.a.j.t.JMeterThread: Thread finished: Browse Load Test (100 Concurrent Users) 1-60
2026-08-27 10:03:45,234 INFO o.a.j.t.JMeterThread: Thread started: Browse Load Test (100 Concurrent Users) 1-61
2026-08-27 10:03:45,246 INFO o.a.j.t.JMeterThread: Thread is done: Browse Load Test (100 Concurrent Users) 1-61
2026-08-27 10:03:45,246 INFO o.a.j.t.JMeterThread: Thread finished: Browse Load Test (100 Concurrent Users) 1-61
2026-08-27 10:03:45,333 INFO o.a.j.t.JMeterThread: Thread started: Browse Load Test (100 Concurrent Users) 1-62
2026-08-27 10:03:45,350 INFO o.a.j.t.JMeterThread: Thread is done: Browse Load Test (100 Concurrent Users) 1-62
2026-08-27 10:03:45,350 INFO o.a.j.t.JMeterThread: Thread finished: Browse Load Test (100 Concurrent Users) 1-62
2026-08-27 10:03:45,435 INFO o.a.j.t.JMeterThread: Thread started: Browse Load Test (100 Concurrent Users) 1-63
2026-08-27 10:03:45,448 INFO o.a.j.t.JMeterThread: Thread is done: Browse Load Test (100 Concurrent Users) 1-63
2026-08-27 10:03:45,448 INFO o.a.j.t.JMeterThread: Thread finished: Browse Load Test (100 Concurrent Users) 1-63
2026-08-27 10:03:45,535 INFO o.a.j.t.JMeterThread: Thread started: Browse Load Test (100 Concurrent Users) 1-64
2026-08-27 10:03:45,550 INFO o.a.j.t.JMeterThread: Thread is done: Browse Load Test (100 Concurrent Users) 1-64
2026-08-27 10:03:45,551 INFO o.a.j.t.JMeterThread: Thread finished: Browse Load Test (100 Concurrent Users) 1-64
2026-08-27 10:03:45,633 INFO o.a.j.t.JMeterThread: Thread started: Browse Load Test (100 Concurrent Users) 1-65
2026-08-27 10:03:45,666 INFO o.a.j.t.JMeterThread: Thread is done: Browse Load Test (100 Concurrent Users) 1-65
2026-08-27 10:03:45,667 INFO o.a.j.t.JMeterThread: Thread finished: Browse Load Test (100 Concurrent Users) 1-65
2026-08-27 10:03:45,733 INFO o.a.j.t.JMeterThread: Thread started: Browse Load Test (100 Concurrent Users) 1-66
2026-08-27 10:03:45,747 INFO o.a.j.t.JMeterThread: Thread is done: Browse Load Test (100 Concurrent Users) 1-66
2026-08-27 10:03:45,748 INFO o.a.j.t.JMeterThread: Thread finished: Browse Load Test (100 Concurrent Users) 1-66
2026-08-27 10:03:45,834 INFO o.a.j.t.JMeterThread: Thread started: Browse Load Test (100 Concurrent Users) 1-67
2026-08-27 10:03:45,855 INFO o.a.j.t.JMeterThread: Thread is done: Browse Load Test (100 Concurrent Users) 1-67
2026-08-27 10:03:45,855 INFO o.a.j.t.JMeterThread: Thread finished: Browse Load Test (100 Concurrent Users) 1-67
2026-08-27 10:03:45,935 INFO o.a.j.t.JMeterThread: Thread started: Browse Load Test (100 Concurrent Users) 1-68
2026-08-27 10:03:45,954 INFO o.a.j.t.JMeterThread: Thread is done: Browse Load Test (100 Concurrent Users) 1-68
2026-08-27 10:03:45,955 INFO o.a.j.t.JMeterThread: Thread finished: Browse Load Test (100 Concurrent Users) 1-68
2026-08-27 10:03:46,034 INFO o.a.j.t.JMeterThread: Thread started: Browse Load Test (100 Concurrent Users) 1-69
2026-08-27 10:03:46,051 INFO o.a.j.t.JMeterThread: Thread is done: Browse Load Test (100 Concurrent Users) 1-69
2026-08-27 10:03:46,051 INFO o.a.j.t.JMeterThread: Thread finished: Browse Load Test (100 Concurrent Users) 1-69
2026-08-27 10:03:46,133 INFO o.a.j.t.JMeterThread: Thread started: Browse Load Test (100 Concurrent Users) 1-70
2026-08-27 10:03:46,146 INFO o.a.j.t.JMeterThread: Thread is done: Browse Load Test (100 Concurrent Users) 1-70
2026-08-27 10:03:46,147 INFO o.a.j.t.JMeterThread: Thread finished: Browse Load Test (100 Concurrent Users) 1-70
2026-08-27 10:03:46,234 INFO o.a.j.t.JMeterThread: Thread started: Browse Load Test (100 Concurrent Users) 1-71
2026-08-27 10:03:46,250 INFO o.a.j.t.JMeterThread: Thread is done: Browse Load Test (100 Concurrent Users) 1-71
2026-08-27 10:03:46,250 INFO o.a.j.t.JMeterThread: Thread finished: Browse Load Test (100 Concurrent Users) 1-71
2026-08-27 10:03:46,334 INFO o.a.j.t.JMeterThread: Thread started: Browse Load Test (100 Concurrent Users) 1-72
2026-08-27 10:03:46,352 INFO o.a.j.t.JMeterThread: Thread is done: Browse Load Test (100 Concurrent Users) 1-72
2026-08-27 10:03:46,352 INFO o.a.j.t.JMeterThread: Thread finished: Browse Load Test (100 Concurrent Users) 1-72
2026-08-27 10:03:46,434 INFO o.a.j.t.JMeterThread: Thread started: Browse Load Test (100 Concurrent Users) 1-73
2026-08-27 10:03:46,447 INFO o.a.j.t.JMeterThread: Thread is done: Browse Load Test (100 Concurrent Users) 1-73
2026-08-27 10:03:46,447 INFO o.a.j.t.JMeterThread: Thread finished: Browse Load Test (100 Concurrent Users) 1-73
2026-08-27 10:03:46,533 INFO o.a.j.t.JMeterThread: Thread started: Browse Load Test (100 Concurrent Users) 1-74
2026-08-27 10:03:46,550 INFO o.a.j.t.JMeterThread: Thread is done: Browse Load Test (100 Concurrent Users) 1-74
2026-08-27 10:03:46,550 INFO o.a.j.t.JMeterThread: Thread finished: Browse Load Test (100 Concurrent Users) 1-74
2026-08-27 10:03:46,633 INFO o.a.j.t.JMeterThread: Thread started: Browse Load Test (100 Concurrent Users) 1-75
2026-08-27 10:03:46,652 INFO o.a.j.t.JMeterThread: Thread is done: Browse Load Test (100 Concurrent Users) 1-75
2026-08-27 10:03:46,652 INFO o.a.j.t.JMeterThread: Thread finished: Browse Load Test (100 Concurrent Users) 1-75
2026-08-27 10:03:46,733 INFO o.a.j.t.JMeterThread: Thread started: Browse Load Test (100 Concurrent Users) 1-76
2026-08-27 10:03:46,751 INFO o.a.j.t.JMeterThread: Thread is done: Browse Load Test (100 Concurrent Users) 1-76
2026-08-27 10:03:46,751 INFO o.a.j.t.JMeterThread: Thread finished: Browse Load Test (100 Concurrent Users) 1-76
2026-08-27 10:03:46,834 INFO o.a.j.t.JMeterThread: Thread started: Browse Load Test (100 Concurrent Users) 1-77
2026-08-27 10:03:46,853 INFO o.a.j.t.JMeterThread: Thread is done: Browse Load Test (100 Concurrent Users) 1-77
2026-08-27 10:03:46,853 INFO o.a.j.t.JMeterThread: Thread finished: Browse Load Test (100 Concurrent Users) 1-77
2026-08-27 10:03:46,934 INFO o.a.j.t.JMeterThread: Thread started: Browse Load Test (100 Concurrent Users) 1-78
2026-08-27 10:03:46,954 INFO o.a.j.t.JMeterThread: Thread is done: Browse Load Test (100 Concurrent Users) 1-78
2026-08-27 10:03:46,954 INFO o.a.j.t.JMeterThread: Thread finished: Browse Load Test (100 Concurrent Users) 1-78
2026-08-27 10:03:47,033 INFO o.a.j.t.JMeterThread: Thread started: Browse Load Test (100 Concurrent Users) 1-79
2026-08-27 10:03:47,048 INFO o.a.j.t.JMeterThread: Thread is done: Browse Load Test (100 Concurrent Users) 1-79
2026-08-27 10:03:47,048 INFO o.a.j.t.JMeterThread: Thread finished: Browse Load Test (100 Concurrent Users) 1-79
2026-08-27 10:03:47,133 INFO o.a.j.t.JMeterThread: Thread started: Browse Load Test (100 Concurrent Users) 1-80
2026-08-27 10:03:47,151 INFO o.a.j.t.JMeterThread: Thread is done: Browse Load Test (100 Concurrent Users) 1-80
2026-08-27 10:03:47,152 INFO o.a.j.t.JMeterThread: Thread finished: Browse Load Test (100 Concurrent Users) 1-80
2026-08-27 10:03:47,233 INFO o.a.j.t.JMeterThread: Thread started: Browse Load Test (100 Concurrent Users) 1-81
2026-08-27 10:03:47,251 INFO o.a.j.t.JMeterThread: Thread is done: Browse Load Test (100 Concurrent Users) 1-81
2026-08-27 10:03:47,251 INFO o.a.j.t.JMeterThread: Thread finished: Browse Load Test (100 Concurrent Users) 1-81
2026-08-27 10:03:47,336 INFO o.a.j.t.JMeterThread: Thread started: Browse Load Test (100 Concurrent Users) 1-82
2026-08-27 10:03:47,367 INFO o.a.j.t.JMeterThread: Thread is done: Browse Load Test (100 Concurrent Users) 1-82
2026-08-27 10:03:47,367 INFO o.a.j.t.JMeterThread: Thread finished: Browse Load Test (100 Concurrent Users) 1-82
2026-08-27 10:03:47,434 INFO o.a.j.t.JMeterThread: Thread started: Browse Load Test (100 Concurrent Users) 1-83
2026-08-27 10:03:47,458 INFO o.a.j.t.JMeterThread: Thread is done: Browse Load Test (100 Concurrent Users) 1-83
2026-08-27 10:03:47,458 INFO o.a.j.t.JMeterThread: Thread finished: Browse Load Test (100 Concurrent Users) 1-83
2026-08-27 10:03:47,533 INFO o.a.j.t.JMeterThread: Thread started: Browse Load Test (100 Concurrent Users) 1-84
2026-08-27 10:03:47,558 INFO o.a.j.t.JMeterThread: Thread is done: Browse Load Test (100 Concurrent Users) 1-84
2026-08-27 10:03:47,559 INFO o.a.j.t.JMeterThread: Thread finished: Browse Load Test (100 Concurrent Users) 1-84
2026-08-27 10:03:47,633 INFO o.a.j.t.JMeterThread: Thread started: Browse Load Test (100 Concurrent Users) 1-85
2026-08-27 10:03:47,654 INFO o.a.j.t.JMeterThread: Thread is done: Browse Load Test (100 Concurrent Users) 1-85
2026-08-27 10:03:47,654 INFO o.a.j.t.JMeterThread: Thread finished: Browse Load Test (100 Concurrent Users) 1-85
2026-08-27 10:03:47,733 INFO o.a.j.t.JMeterThread: Thread started: Browse Load Test (100 Concurrent Users) 1-86
2026-08-27 10:03:47,755 INFO o.a.j.t.JMeterThread: Thread is done: Browse Load Test (100 Concurrent Users) 1-86
2026-08-27 10:03:47,755 INFO o.a.j.t.JMeterThread: Thread finished: Browse Load Test (100 Concurrent Users) 1-86
2026-08-27 10:03:47,833 INFO o.a.j.t.JMeterThread: Thread started: Browse Load Test (100 Concurrent Users) 1-87
2026-08-27 10:03:47,862 INFO o.a.j.t.JMeterThread: Thread is done: Browse Load Test (100 Concurrent Users) 1-87
2026-08-27 10:03:47,863 INFO o.a.j.t.JMeterThread: Thread finished: Browse Load Test (100 Concurrent Users) 1-87
2026-08-27 10:03:47,934 INFO o.a.j.t.JMeterThread: Thread started: Browse Load Test (100 Concurrent Users) 1-88
2026-08-27 10:03:47,949 INFO o.a.j.t.JMeterThread: Thread is done: Browse Load Test (100 Concurrent Users) 1-88
2026-08-27 10:03:47,950 INFO o.a.j.t.JMeterThread: Thread finished: Browse Load Test (100 Concurrent Users) 1-88
2026-08-27 10:03:48,034 INFO o.a.j.t.JMeterThread: Thread started: Browse Load Test (100 Concurrent Users) 1-89
2026-08-27 10:03:48,051 INFO o.a.j.t.JMeterThread: Thread is done: Browse Load Test (100 Concurrent Users) 1-89
2026-08-27 10:03:48,051 INFO o.a.j.t.JMeterThread: Thread finished: Browse Load Test (100 Concurrent Users) 1-89
2026-08-27 10:03:48,133 INFO o.a.j.t.JMeterThread: Thread started: Browse Load Test (100 Concurrent Users) 1-90
2026-08-27 10:03:48,149 INFO o.a.j.t.JMeterThread: Thread is done: Browse Load Test (100 Concurrent Users) 1-90
2026-08-27 10:03:48,149 INFO o.a.j.t.JMeterThread: Thread finished: Browse Load Test (100 Concurrent Users) 1-90
2026-08-27 10:03:48,233 INFO o.a.j.t.JMeterThread: Thread started: Browse Load Test (100 Concurrent Users) 1-91
2026-08-27 10:03:48,247 INFO o.a.j.t.JMeterThread: Thread is done: Browse Load Test (100 Concurrent Users) 1-91
2026-08-27 10:03:48,247 INFO o.a.j.t.JMeterThread: Thread finished: Browse Load Test (100 Concurrent Users) 1-91
2026-08-27 10:03:48,333 INFO o.a.j.t.JMeterThread: Thread started: Browse Load Test (100 Concurrent Users) 1-92
2026-08-27 10:03:48,347 INFO o.a.j.t.JMeterThread: Thread is done: Browse Load Test (100 Concurrent Users) 1-92
2026-08-27 10:03:48,347 INFO o.a.j.t.JMeterThread: Thread finished: Browse Load Test (100 Concurrent Users) 1-92
2026-08-27 10:03:48,434 INFO o.a.j.t.JMeterThread: Thread started: Browse Load Test (100 Concurrent Users) 1-93
2026-08-27 10:03:48,453 INFO o.a.j.t.JMeterThread: Thread is done: Browse Load Test (100 Concurrent Users) 1-93
2026-08-27 10:03:48,453 INFO o.a.j.t.JMeterThread: Thread finished: Browse Load Test (100 Concurrent Users) 1-93
2026-08-27 10:03:48,533 INFO o.a.j.t.JMeterThread: Thread started: Browse Load Test (100 Concurrent Users) 1-94
2026-08-27 10:03:48,552 INFO o.a.j.t.JMeterThread: Thread is done: Browse Load Test (100 Concurrent Users) 1-94
2026-08-27 10:03:48,552 INFO o.a.j.t.JMeterThread: Thread finished: Browse Load Test (100 Concurrent Users) 1-94
2026-08-27 10:03:48,633 INFO o.a.j.t.JMeterThread: Thread started: Browse Load Test (100 Concurrent Users) 1-95
2026-08-27 10:03:48,654 INFO o.a.j.t.JMeterThread: Thread is done: Browse Load Test (100 Concurrent Users) 1-95
2026-08-27 10:03:48,654 INFO o.a.j.t.JMeterThread: Thread finished: Browse Load Test (100 Concurrent Users) 1-95
2026-08-27 10:03:48,734 INFO o.a.j.t.JMeterThread: Thread started: Browse Load Test (100 Concurrent Users) 1-96
2026-08-27 10:03:48,753 INFO o.a.j.t.JMeterThread: Thread is done: Browse Load Test (100 Concurrent Users) 1-96
2026-08-27 10:03:48,753 INFO o.a.j.t.JMeterThread: Thread finished: Browse Load Test (100 Concurrent Users) 1-96
2026-08-27 10:03:48,834 INFO o.a.j.t.JMeterThread: Thread started: Browse Load Test (100 Concurrent Users) 1-97
2026-08-27 10:03:48,858 INFO o.a.j.t.JMeterThread: Thread is done: Browse Load Test (100 Concurrent Users) 1-97
2026-08-27 10:03:48,858 INFO o.a.j.t.JMeterThread: Thread finished: Browse Load Test (100 Concurrent Users) 1-97
2026-08-27 10:03:48,933 INFO o.a.j.t.JMeterThread: Thread started: Browse Load Test (100 Concurrent Users) 1-98
2026-08-27 10:03:48,954 INFO o.a.j.t.JMeterThread: Thread is done: Browse Load Test (100 Concurrent Users) 1-98
2026-08-27 10:03:48,954 INFO o.a.j.t.JMeterThread: Thread finished: Browse Load Test (100 Concurrent Users) 1-98
2026-08-27 10:03:49,033 INFO o.a.j.t.JMeterThread: Thread started: Browse Load Test (100 Concurrent Users) 1-99
2026-08-27 10:03:49,058 INFO o.a.j.t.JMeterThread: Thread is done: Browse Load Test (100 Concurrent Users) 1-99
2026-08-27 10:03:49,058 INFO o.a.j.t.JMeterThread: Thread finished: Browse Load Test (100 Concurrent Users) 1-99
2026-08-27 10:03:49,133 INFO o.a.j.t.JMeterThread: Thread started: Browse Load Test (100 Concurrent Users) 1-100
2026-08-27 10:03:49,149 INFO o.a.j.t.JMeterThread: Thread is done: Browse Load Test (100 Concurrent Users) 1-100
2026-08-27 10:03:49,149 INFO o.a.j.t.JMeterThread: Thread finished: Browse Load Test (100 Concurrent Users) 1-100
2026-08-27 10:03:49,149 INFO o.a.j.e.StandardJMeterEngine: Notifying test listeners of end of test
2026-08-27 10:03:49,149 INFO o.a.j.r.Summariser: summary =   4000 in 00:00:10 =  402.9/s Avg:     1 Min:     0 Max:   439 Err:     0 (0.00%)
